ok  	github.com/tokenbeat-lab/barness/ai	2.153s
signal: terminated
FAIL	github.com/tokenbeat-lab/barness/ai/e2e	143.638s
?   	github.com/tokenbeat-lab/barness/ai/examples/hostintegration	[no test files]
?   	github.com/tokenbeat-lab/barness/ai/examples/localassembly	[no test files]
?   	github.com/tokenbeat-lab/barness/ai/examples/requestid	[no test files]
?   	github.com/tokenbeat-lab/barness/ai/examples/toolloop	[no test files]
?   	github.com/tokenbeat-lab/barness/ai/internal/clock	[no test files]
?   	github.com/tokenbeat-lab/barness/ai/internal/probe	[no test files]
ok  	github.com/tokenbeat-lab/barness/ai/internal/testkit/audit	3.099s
?   	github.com/tokenbeat-lab/barness/ai/internal/testkit/audit/cmd/auditbundle	[no test files]
?   	github.com/tokenbeat-lab/barness/ai/internal/testkit/evidence	[no test files]
?   	github.com/tokenbeat-lab/barness/ai/internal/testkit/host	[no test files]
ok  	github.com/tokenbeat-lab/barness/ai/internal/testkit/pioracle	3.477s
?   	github.com/tokenbeat-lab/barness/ai/internal/testkit/provider	[no test files]
ok  	github.com/tokenbeat-lab/barness/ai/internal/testkit/release	2.748s
ok  	github.com/tokenbeat-lab/barness/ai/internal/testkit/supportmatrix	1.696s
?   	github.com/tokenbeat-lab/barness/ai/live	[no test files]
?   	github.com/tokenbeat-lab/barness/ai/live/cmd/supportmatrix	[no test files]
?   	github.com/tokenbeat-lab/barness/ai/release/cmd/releasegate	[no test files]
FAIL
