BARNESS_AI_PIDIFF=1 BARNESS_AI_PRESSURE=1 go test -race -json ./... -count=1
Exit: 0
Started: 2026-10-08T09:56:58.067351+08:00
Finished: 2026-10-08T10:05:18.189066+08:00
Package outcomes:
SKIP github.com/tokenbeat-lab/barness/ai/examples/hostintegration (0s)
SKIP github.com/tokenbeat-lab/barness/ai/examples/localassembly (0s)
SKIP github.com/tokenbeat-lab/barness/ai/examples/requestid (0s)
SKIP github.com/tokenbeat-lab/barness/ai/examples/toolloop (0s)
SKIP github.com/tokenbeat-lab/barness/ai/internal/clock (0s)
SKIP github.com/tokenbeat-lab/barness/ai/internal/probe (0s)
SKIP github.com/tokenbeat-lab/barness/ai/internal/testkit/audit/cmd/auditbundle (0s)
SKIP github.com/tokenbeat-lab/barness/ai/internal/testkit/evidence (0s)
SKIP github.com/tokenbeat-lab/barness/ai/internal/testkit/host (0s)
SKIP github.com/tokenbeat-lab/barness/ai/internal/testkit/provider (0s)
SKIP github.com/tokenbeat-lab/barness/ai/live (0s)
SKIP github.com/tokenbeat-lab/barness/ai/live/cmd/supportmatrix (0s)
SKIP github.com/tokenbeat-lab/barness/ai/release/cmd/releasegate (0s)
PASS github.com/tokenbeat-lab/barness/ai (2.043s)
PASS github.com/tokenbeat-lab/barness/ai/internal/testkit/pioracle (1.831s)
PASS github.com/tokenbeat-lab/barness/ai/internal/testkit/audit (2.146s)
PASS github.com/tokenbeat-lab/barness/ai/internal/testkit/release (2.549s)
PASS github.com/tokenbeat-lab/barness/ai/internal/testkit/supportmatrix (2.81s)
PASS github.com/tokenbeat-lab/barness/ai/e2e (498.957s)
Test outcomes: {"PASS": 3993}
Evidence bundles:
.evidence/barness-ai/20261008T015659.765652000Z
