12.0.2



added 85 packages in 3s

npm warn deprecated node-domexception@1.0.0: Use your platform's native DOMException instead
npm notice
npm notice New minor version of npm available! 12.0.2 -> 12.2.0
npm notice Changelog: https://github.com/npm/cli/releases/tag/v12.2.0
npm notice To update run: npm install -g npm@12.2.0
npm notice


Cloning into 'source'...
Note: switching to 'a13d35a742c6ef8462812a28fbe1d8c8b7431c32'.

You are in 'detached HEAD' state. You can look around, make experimental
changes and commit them, and you can discard any commits you make in this
state without impacting any branches by switching back to a branch.

If you want to create a new branch to retain commits you create, you may
do so (now or later) by using -c with the switch command. Example:

  git switch -c <new-branch-name>

Or undo this operation with:

  git switch -

Turn off this advice by setting config variable advice.detachedHead to false


a13d35a742c6ef8462812a28fbe1d8c8b7431c32



added 321 packages in 11s

npm warn EBADENGINE Unsupported engine {
npm warn EBADENGINE   package: 'autoevals@0.3.0',
npm warn EBADENGINE   required: {
npm warn EBADENGINE     npm: 'please-use-pnpm',
npm warn EBADENGINE     pnpm: '>=10.27.0',
npm warn EBADENGINE     yarn: 'please-use-pnpm'
npm warn EBADENGINE   },
npm warn EBADENGINE   current: { node: 'v24.15.0', npm: '12.0.2' }
npm warn EBADENGINE }
npm warn deprecated node-domexception@1.0.0: Use your platform's native DOMException instead
npm warn deprecated prebuild-install@7.1.3: No longer maintained. Please contact the author of the relevant native addon; alternatives are available.


npm notice run @earendil-works/chord@1.0.0 build
npm notice run tsc -p tsconfig.build.json


npm notice run @earendil-works/pi-tui@1.0.0 build
npm notice run tsc -p tsconfig.build.json


npm notice run @earendil-works/pi-telemetry@1.0.0 build
npm notice run tsc -p tsconfig.build.json

Generated model data is valid.

npm notice run @earendil-works/pi-ai@1.0.0 build:offline
npm notice run npm run check:model-data && tsc -p tsconfig.build.json && shx rm -rf dist/providers/data && shx cp -r src/providers/data dist/providers/data
npm notice run @earendil-works/pi-ai@1.0.0 check:model-data
npm notice run node scripts/check-model-data.ts

PASS: release artifacts are byte-identical


PASS: 9 mutated artifact checks


PASS: 2 boundary fault checks
